# name: test_get_alpaca_bars[BTCUSD-crypto-2021-11-26T15-00-00]
  <class 'dict'> {
    '__root__': <class 'list'> [
      <class 'dict'> {
        'close': 54643.57,
        'high': 54725.49,
        'interval': TimeFrame(duration='1Min'),
        'low': 54612.0,
        'open': 54725.48,
        'timestamp': datetime.datetime(2021, 11, 26, 15, 0, tzinfo=datetime.timezone.utc),
        'volume': 35.45622815,
      },
      <class 'dict'> {
        'close': 54631.5,
        'high': 54631.5,
        'interval': TimeFrame(duration='1Min'),
        'low': 54631.5,
        'open': 54631.5,
        'timestamp': datetime.datetime(2021, 11, 26, 15, 0, tzinfo=datetime.timezone.utc),
        'volume': 0.0092,
      },
      <class 'dict'> {
        'close': 54583.85,
        'high': 54640.9,
        'interval': TimeFrame(duration='1Min'),
        'low': 54583.08,
        'open': 54640.9,
        'timestamp': datetime.datetime(2021, 11, 26, 15, 1, tzinfo=datetime.timezone.utc),
        'volume': 46.55203187,
      },
      <class 'dict'> {
        'close': 54565.3,
        'high': 54587.6,
        'interval': TimeFrame(duration='1Min'),
        'low': 54565.3,
        'open': 54587.6,
        'timestamp': datetime.datetime(2021, 11, 26, 15, 1, tzinfo=datetime.timezone.utc),
        'volume': 5.1228,
      },
      <class 'dict'> {
        'close': 54595.0,
        'high': 54595.0,
        'interval': TimeFrame(duration='1Min'),
        'low': 54559.0,
        'open': 54595.0,
        'timestamp': datetime.datetime(2021, 11, 26, 15, 1, tzinfo=datetime.timezone.utc),
        'volume': 7.0208,
      },
      <class 'dict'> {
        'close': 54580.01,
        'high': 54618.39,
        'interval': TimeFrame(duration='1Min'),
        'low': 54577.01,
        'open': 54583.84,
        'timestamp': datetime.datetime(2021, 11, 26, 15, 2, tzinfo=datetime.timezone.utc),
        'volume': 16.5809722,
      },
      <class 'dict'> {
        'close': 54569.3,
        'high': 54572.5,
        'interval': TimeFrame(duration='1Min'),
        'low': 54553.5,
        'open': 54567.6,
        'timestamp': datetime.datetime(2021, 11, 26, 15, 2, tzinfo=datetime.timezone.utc),
        'volume': 9.1074,
      },
      <class 'dict'> {
        'close': 54607.0,
        'high': 54607.0,
        'interval': TimeFrame(duration='1Min'),
        'low': 54591.0,
        'open': 54591.0,
        'timestamp': datetime.datetime(2021, 11, 26, 15, 2, tzinfo=datetime.timezone.utc),
        'volume': 0.2749,
      },
      <class 'dict'> {
        'close': 54543.98,
        'high': 54607.91,
        'interval': TimeFrame(duration='1Min'),
        'low': 54543.98,
        'open': 54580.01,
        'timestamp': datetime.datetime(2021, 11, 26, 15, 3, tzinfo=datetime.timezone.utc),
        'volume': 22.08330112,
      },
      <class 'dict'> {
        'close': 54522.6,
        'high': 54558.6,
        'interval': TimeFrame(duration='1Min'),
        'low': 54522.6,
        'open': 54558.6,
        'timestamp': datetime.datetime(2021, 11, 26, 15, 3, tzinfo=datetime.timezone.utc),
        'volume': 2.7594,
      },
      <class 'dict'> {
        'close': 54564.0,
        'high': 54564.0,
        'interval': TimeFrame(duration='1Min'),
        'low': 54564.0,
        'open': 54564.0,
        'timestamp': datetime.datetime(2021, 11, 26, 15, 3, tzinfo=datetime.timezone.utc),
        'volume': 0.0021,
      },
      <class 'dict'> {
        'close': 54550.0,
        'high': 54574.14,
        'interval': TimeFrame(duration='1Min'),
        'low': 54535.65,
        'open': 54544.0,
        'timestamp': datetime.datetime(2021, 11, 26, 15, 4, tzinfo=datetime.timezone.utc),
        'volume': 32.78464713,
      },
      <class 'dict'> {
        'close': 54527.6,
        'high': 54527.6,
        'interval': TimeFrame(duration='1Min'),
        'low': 54509.7,
        'open': 54509.7,
        'timestamp': datetime.datetime(2021, 11, 26, 15, 4, tzinfo=datetime.timezone.utc),
        'volume': 2.0092,
      },
      <class 'dict'> {
        'close': 54552.0,
        'high': 54563.0,
        'interval': TimeFrame(duration='1Min'),
        'low': 54552.0,
        'open': 54563.0,
        'timestamp': datetime.datetime(2021, 11, 26, 15, 4, tzinfo=datetime.timezone.utc),
        'volume': 0.5511,
      },
      <class 'dict'> {
        'close': 54537.76,
        'high': 54580.0,
        'interval': TimeFrame(duration='1Min'),
        'low': 54500.0,
        'open': 54548.99,
        'timestamp': datetime.datetime(2021, 11, 26, 15, 5, tzinfo=datetime.timezone.utc),
        'volume': 59.71624911,
      },
      <class 'dict'> {
        'close': 54493.4,
        'high': 54542.3,
        'interval': TimeFrame(duration='1Min'),
        'low': 54466.3,
        'open': 54529.8,
        'timestamp': datetime.datetime(2021, 11, 26, 15, 5, tzinfo=datetime.timezone.utc),
        'volume': 8.237,
      },
      <class 'dict'> {
        'close': 54561.0,
        'high': 54561.0,
        'interval': TimeFrame(duration='1Min'),
        'low': 54561.0,
        'open': 54561.0,
        'timestamp': datetime.datetime(2021, 11, 26, 15, 5, tzinfo=datetime.timezone.utc),
        'volume': 0.02,
      },
    ],
  }
---
# name: test_get_alpaca_bars[TSLA-stock-2021-11-26T15-00-00-limit-2]
  <class 'dict'> {
    '__root__': <class 'list'> [
      <class 'dict'> {
        'close': 1093.3,
        'high': 1095.0,
        'interval': TimeFrame(duration='1Min'),
        'low': 1091.64,
        'open': 1093.62,
        'timestamp': datetime.datetime(2021, 11, 26, 15, 0, tzinfo=datetime.timezone.utc),
        'volume': 88087.0,
      },
      <class 'dict'> {
        'close': 1090.66,
        'high': 1093.6826,
        'interval': TimeFrame(duration='1Min'),
        'low': 1088.91,
        'open': 1093.04,
        'timestamp': datetime.datetime(2021, 11, 26, 15, 1, tzinfo=datetime.timezone.utc),
        'volume': 53702.0,
      },
      <class 'dict'> {
        'close': 1087.21,
        'high': 1090.6399,
        'interval': TimeFrame(duration='1Min'),
        'low': 1087.2,
        'open': 1090.2,
        'timestamp': datetime.datetime(2021, 11, 26, 15, 2, tzinfo=datetime.timezone.utc),
        'volume': 50956.0,
      },
      <class 'dict'> {
        'close': 1089.9759,
        'high': 1090.49,
        'interval': TimeFrame(duration='1Min'),
        'low': 1086.33,
        'open': 1087.2,
        'timestamp': datetime.datetime(2021, 11, 26, 15, 3, tzinfo=datetime.timezone.utc),
        'volume': 44463.0,
      },
      <class 'dict'> {
        'close': 1088.5089,
        'high': 1092.0,
        'interval': TimeFrame(duration='1Min'),
        'low': 1088.5,
        'open': 1089.66,
        'timestamp': datetime.datetime(2021, 11, 26, 15, 4, tzinfo=datetime.timezone.utc),
        'volume': 37941.0,
      },
      <class 'dict'> {
        'close': 1090.5,
        'high': 1091.84,
        'interval': TimeFrame(duration='1Min'),
        'low': 1088.68,
        'open': 1088.68,
        'timestamp': datetime.datetime(2021, 11, 26, 15, 5, tzinfo=datetime.timezone.utc),
        'volume': 36206.0,
      },
    ],
  }
---
# name: test_get_alpaca_bars[TSLA-stock-2021-11-26T15-00-00]
  <class 'dict'> {
    '__root__': <class 'list'> [
      <class 'dict'> {
        'close': 1093.3,
        'high': 1095.0,
        'interval': TimeFrame(duration='1Min'),
        'low': 1091.64,
        'open': 1093.62,
        'timestamp': datetime.datetime(2021, 11, 26, 15, 0, tzinfo=datetime.timezone.utc),
        'volume': 88087.0,
      },
      <class 'dict'> {
        'close': 1090.66,
        'high': 1093.6826,
        'interval': TimeFrame(duration='1Min'),
        'low': 1088.91,
        'open': 1093.04,
        'timestamp': datetime.datetime(2021, 11, 26, 15, 1, tzinfo=datetime.timezone.utc),
        'volume': 53702.0,
      },
      <class 'dict'> {
        'close': 1087.21,
        'high': 1090.6399,
        'interval': TimeFrame(duration='1Min'),
        'low': 1087.2,
        'open': 1090.2,
        'timestamp': datetime.datetime(2021, 11, 26, 15, 2, tzinfo=datetime.timezone.utc),
        'volume': 50956.0,
      },
      <class 'dict'> {
        'close': 1089.9759,
        'high': 1090.49,
        'interval': TimeFrame(duration='1Min'),
        'low': 1086.33,
        'open': 1087.2,
        'timestamp': datetime.datetime(2021, 11, 26, 15, 3, tzinfo=datetime.timezone.utc),
        'volume': 44463.0,
      },
      <class 'dict'> {
        'close': 1088.5089,
        'high': 1092.0,
        'interval': TimeFrame(duration='1Min'),
        'low': 1088.5,
        'open': 1089.66,
        'timestamp': datetime.datetime(2021, 11, 26, 15, 4, tzinfo=datetime.timezone.utc),
        'volume': 37941.0,
      },
      <class 'dict'> {
        'close': 1090.5,
        'high': 1091.84,
        'interval': TimeFrame(duration='1Min'),
        'low': 1088.68,
        'open': 1088.68,
        'timestamp': datetime.datetime(2021, 11, 26, 15, 5, tzinfo=datetime.timezone.utc),
        'volume': 36206.0,
      },
    ],
  }
---
